// Jest Snapshot v1, https://goo.gl/fbAQLP

exports[`TagList component test 1`] = `
<div>
  <div
    className="form-group null"
  >
    <input
      className="form-control"
      onChange={[Function]}
      value=""
    />
  </div>
</div>
`;
