// Jest Snapshot v1, https://goo.gl/fbAQLP

exports[`Loading component test 1`] = `
<div
  className="row"
>
  <div
    className="col-xs-12"
  >
    <div
      className="row"
      id="browse"
    >
      <div
        className="spinner"
      >
        <div
          className="sk-circle-wrapper sk-spinner spinner-obj"
        >
          <div
            className="sk-circle1 sk-circle"
          />
          <div
            className="sk-circle2 sk-circle"
          />
          <div
            className="sk-circle3 sk-circle"
          />
          <div
            className="sk-circle4 sk-circle"
          />
          <div
            className="sk-circle5 sk-circle"
          />
          <div
            className="sk-circle6 sk-circle"
          />
          <div
            className="sk-circle7 sk-circle"
          />
          <div
            className="sk-circle8 sk-circle"
          />
          <div
            className="sk-circle9 sk-circle"
          />
          <div
            className="sk-circle10 sk-circle"
          />
          <div
            className="sk-circle11 sk-circle"
          />
          <div
            className="sk-circle12 sk-circle"
          />
        </div>
      </div>
    </div>
  </div>
</div>
`;
